// Jest Snapshot v1, https://goo.gl/fbAQLP

exports[`DataSource component unit test matches snapshot 1`] = `
ShallowWrapper {
  Symbol(enzyme.__root__): [Circular],
  Symbol(enzyme.__unrendered__): <DataSource
    classes={
      Object {
        "appBar": "DataSource-appBar-4",
        "appBarShift": "DataSource-appBarShift-5",
        "appBarSpacer": "DataSource-appBarSpacer-11",
        "chartContainer": "DataSource-chartContainer-13",
        "content": "DataSource-content-12",
        "drawerPaper": "DataSource-drawerPaper-9",
        "drawerPaperClose": "DataSource-drawerPaperClose-10",
        "formContainer": "DataSource-formContainer-14",
        "menuButton": "DataSource-menuButton-6",
        "menuButtonHidden": "DataSource-menuButtonHidden-7",
        "root": "DataSource-root-1",
        "tableContainer": "DataSource-tableContainer-15",
        "title": "DataSource-title-8",
        "toolbar": "DataSource-toolbar-2",
        "toolbarIcon": "DataSource-toolbarIcon-3",
      }
    }
    match={
      Object {
        "url": "/data-source",
      }
    }
  />,
  Symbol(enzyme.__renderer__): Object {
    "batchedUpdates": [Function],
    "checkPropTypes": [Function],
    "getNode": [Function],
    "render": [Function],
    "simulateError": [Function],
    "simulateEvent": [Function],
    "unmount": [Function],
  },
  Symbol(enzyme.__node__): Object {
    "instance": null,
    "key": undefined,
    "nodeType": "function",
    "props": Object {
      "children": Array [
        <div
          className="DataSource-appBarSpacer-11"
        />,
        <WithStyles(Typography)
          className="DataSource-chartContainer-13"
          gutterBottom={true}
          variant="display1"
        >
          <Route
            component={[Function]}
            path="/data-source/new"
          />
          <Route
            component={[Function]}
            path="/data-source/edit/:id"
          />
          <Route
            exact={true}
            path="/data-source"
            render={[Function]}
          />
        </WithStyles(Typography)>,
      ],
    },
    "ref": null,
    "rendered": Array [
      Object {
        "instance": null,
        "key": undefined,
        "nodeType": "host",
        "props": Object {
          "className": "DataSource-appBarSpacer-11",
        },
        "ref": null,
        "rendered": null,
        "type": "div",
      },
      Object {
        "instance": null,
        "key": undefined,
        "nodeType": "class",
        "props": Object {
          "children": Array [
            <Route
              component={[Function]}
              path="/data-source/new"
            />,
            <Route
              component={[Function]}
              path="/data-source/edit/:id"
            />,
            <Route
              exact={true}
              path="/data-source"
              render={[Function]}
            />,
          ],
          "className": "DataSource-chartContainer-13",
          "gutterBottom": true,
          "variant": "display1",
        },
        "ref": null,
        "rendered": Array [
          Object {
            "instance": null,
            "key": undefined,
            "nodeType": "class",
            "props": Object {
              "component": [Function],
              "path": "/data-source/new",
            },
            "ref": null,
            "rendered": null,
            "type": [Function],
          },
          Object {
            "instance": null,
            "key": undefined,
            "nodeType": "class",
            "props": Object {
              "component": [Function],
              "path": "/data-source/edit/:id",
            },
            "ref": null,
            "rendered": null,
            "type": [Function],
          },
          Object {
            "instance": null,
            "key": undefined,
            "nodeType": "class",
            "props": Object {
              "exact": true,
              "path": "/data-source",
              "render": [Function],
            },
            "ref": null,
            "rendered": null,
            "type": [Function],
          },
        ],
        "type": [Function],
      },
    ],
    "type": Symbol(react.fragment),
  },
  Symbol(enzyme.__nodes__): Array [
    Object {
      "instance": null,
      "key": undefined,
      "nodeType": "function",
      "props": Object {
        "children": Array [
          <div
            className="DataSource-appBarSpacer-11"
          />,
          <WithStyles(Typography)
            className="DataSource-chartContainer-13"
            gutterBottom={true}
            variant="display1"
          >
            <Route
              component={[Function]}
              path="/data-source/new"
            />
            <Route
              component={[Function]}
              path="/data-source/edit/:id"
            />
            <Route
              exact={true}
              path="/data-source"
              render={[Function]}
            />
          </WithStyles(Typography)>,
        ],
      },
      "ref": null,
      "rendered": Array [
        Object {
          "instance": null,
          "key": undefined,
          "nodeType": "host",
          "props": Object {
            "className": "DataSource-appBarSpacer-11",
          },
          "ref": null,
          "rendered": null,
          "type": "div",
        },
        Object {
          "instance": null,
          "key": undefined,
          "nodeType": "class",
          "props": Object {
            "children": Array [
              <Route
                component={[Function]}
                path="/data-source/new"
              />,
              <Route
                component={[Function]}
                path="/data-source/edit/:id"
              />,
              <Route
                exact={true}
                path="/data-source"
                render={[Function]}
              />,
            ],
            "className": "DataSource-chartContainer-13",
            "gutterBottom": true,
            "variant": "display1",
          },
          "ref": null,
          "rendered": Array [
            Object {
              "instance": null,
              "key": undefined,
              "nodeType": "class",
              "props": Object {
                "component": [Function],
                "path": "/data-source/new",
              },
              "ref": null,
              "rendered": null,
              "type": [Function],
            },
            Object {
              "instance": null,
              "key": undefined,
              "nodeType": "class",
              "props": Object {
                "component": [Function],
                "path": "/data-source/edit/:id",
              },
              "ref": null,
              "rendered": null,
              "type": [Function],
            },
            Object {
              "instance": null,
              "key": undefined,
              "nodeType": "class",
              "props": Object {
                "exact": true,
                "path": "/data-source",
                "render": [Function],
              },
              "ref": null,
              "rendered": null,
              "type": [Function],
            },
          ],
          "type": [Function],
        },
      ],
      "type": Symbol(react.fragment),
    },
  ],
  Symbol(enzyme.__options__): Object {
    "adapter": ReactSixteenAdapter {
      "options": Object {
        "enableComponentDidUpdateOnSetState": true,
        "legacyContextMode": "parent",
        "lifecycles": Object {
          "componentDidUpdate": Object {
            "onSetState": true,
          },
          "getChildContext": Object {
            "calledByRenderer": false,
          },
          "getDerivedStateFromProps": true,
          "getSnapshotBeforeUpdate": true,
          "setState": Object {
            "skipsComponentDidUpdateOnNullish": true,
          },
        },
      },
    },
    "childContextTypes": Object {
      "router": [Function],
    },
    "context": Object {
      "router": Object {
        "history": Object {
          "action": "POP",
          "block": [Function],
          "createHref": [Function],
          "go": [Function],
          "goBack": [Function],
          "goForward": [Function],
          "length": 1,
          "listen": [Function],
          "location": Object {
            "hash": "",
            "pathname": "/",
            "search": "",
            "state": undefined,
          },
          "push": [Function],
          "replace": [Function],
        },
        "route": Object {
          "location": Object {},
          "match": Object {},
        },
      },
    },
  },
  Symbol(enzyme.__childContext__): null,
}
`;
