// Jest Snapshot v1, https://goo.gl/fbAQLP

exports[`LinkButton unit test matches snapshot 1`] = `
ShallowWrapper {
  Symbol(enzyme.__root__): [Circular],
  Symbol(enzyme.__unrendered__): <LinkButton
    color="primary"
    disabled={false}
    label="Button"
    to="/"
    type="submit"
    variant="contained"
  />,
  Symbol(enzyme.__renderer__): Object {
    "batchedUpdates": [Function],
    "getNode": [Function],
    "render": [Function],
    "simulateError": [Function],
    "simulateEvent": [Function],
    "unmount": [Function],
  },
  Symbol(enzyme.__node__): Object {
    "instance": null,
    "key": undefined,
    "nodeType": "class",
    "props": Object {
      "children": "Button",
      "color": "primary",
      "component": [Function],
      "disabled": false,
      "to": "/",
      "type": "submit",
      "variant": "contained",
    },
    "ref": null,
    "rendered": "Button",
    "type": [Function],
  },
  Symbol(enzyme.__nodes__): Array [
    Object {
      "instance": null,
      "key": undefined,
      "nodeType": "class",
      "props": Object {
        "children": "Button",
        "color": "primary",
        "component": [Function],
        "disabled": false,
        "to": "/",
        "type": "submit",
        "variant": "contained",
      },
      "ref": null,
      "rendered": "Button",
      "type": [Function],
    },
  ],
  Symbol(enzyme.__options__): Object {
    "adapter": ReactSixteenAdapter {
      "options": Object {
        "enableComponentDidUpdateOnSetState": true,
        "lifecycles": Object {
          "componentDidUpdate": Object {
            "onSetState": true,
          },
          "getDerivedStateFromProps": true,
          "getSnapshotBeforeUpdate": true,
          "setState": Object {
            "skipsComponentDidUpdateOnNullish": true,
          },
        },
      },
    },
    "childContextTypes": Object {
      "router": [Function],
    },
    "context": Object {
      "router": Object {
        "history": Object {
          "action": "POP",
          "block": [Function],
          "createHref": [Function],
          "go": [Function],
          "goBack": [Function],
          "goForward": [Function],
          "length": 1,
          "listen": [Function],
          "location": Object {
            "hash": "",
            "pathname": "/",
            "search": "",
            "state": undefined,
          },
          "push": [Function],
          "replace": [Function],
        },
        "route": Object {
          "location": Object {},
          "match": Object {},
        },
      },
    },
  },
}
`;
