// Jest Snapshot v1, https://goo.gl/fbAQLP

exports[`SwitchInput unit test matches snapshot 1`] = `
ShallowWrapper {
  Symbol(enzyme.__root__): [Circular],
  Symbol(enzyme.__unrendered__): <SwitchInput
    error={false}
    id="Id"
    label="Label"
    onBlur={[MockFunction]}
    onChange={[MockFunction]}
    touched={[MockFunction]}
    value="value"
  />,
  Symbol(enzyme.__renderer__): Object {
    "batchedUpdates": [Function],
    "getNode": [Function],
    "render": [Function],
    "simulateError": [Function],
    "simulateEvent": [Function],
    "unmount": [Function],
  },
  Symbol(enzyme.__node__): Object {
    "instance": null,
    "key": undefined,
    "nodeType": "class",
    "props": Object {
      "children": Array [
        <WithStyles(FormControlLabel)
          control={
            <React.Fragment>
              <WithStyles(Switch)
                id="Id"
                onBlur={[MockFunction]}
                onChange={[MockFunction]}
                value="value"
              />
            </React.Fragment>
          }
          label="Label"
        />,
        <WithStyles(FormHelperText) />,
      ],
      "error": false,
      "style": Object {
        "margin": "15px",
        "width": "250px",
      },
    },
    "ref": null,
    "rendered": Array [
      Object {
        "instance": null,
        "key": undefined,
        "nodeType": "class",
        "props": Object {
          "control": <React.Fragment>
            <WithStyles(Switch)
              id="Id"
              onBlur={[MockFunction]}
              onChange={[MockFunction]}
              value="value"
            />
          </React.Fragment>,
          "label": "Label",
        },
        "ref": null,
        "rendered": null,
        "type": [Function],
      },
      Object {
        "instance": null,
        "key": undefined,
        "nodeType": "class",
        "props": Object {
          "children": false,
        },
        "ref": null,
        "rendered": false,
        "type": [Function],
      },
    ],
    "type": [Function],
  },
  Symbol(enzyme.__nodes__): Array [
    Object {
      "instance": null,
      "key": undefined,
      "nodeType": "class",
      "props": Object {
        "children": Array [
          <WithStyles(FormControlLabel)
            control={
              <React.Fragment>
                <WithStyles(Switch)
                  id="Id"
                  onBlur={[MockFunction]}
                  onChange={[MockFunction]}
                  value="value"
                />
              </React.Fragment>
            }
            label="Label"
          />,
          <WithStyles(FormHelperText) />,
        ],
        "error": false,
        "style": Object {
          "margin": "15px",
          "width": "250px",
        },
      },
      "ref": null,
      "rendered": Array [
        Object {
          "instance": null,
          "key": undefined,
          "nodeType": "class",
          "props": Object {
            "control": <React.Fragment>
              <WithStyles(Switch)
                id="Id"
                onBlur={[MockFunction]}
                onChange={[MockFunction]}
                value="value"
              />
            </React.Fragment>,
            "label": "Label",
          },
          "ref": null,
          "rendered": null,
          "type": [Function],
        },
        Object {
          "instance": null,
          "key": undefined,
          "nodeType": "class",
          "props": Object {
            "children": false,
          },
          "ref": null,
          "rendered": false,
          "type": [Function],
        },
      ],
      "type": [Function],
    },
  ],
  Symbol(enzyme.__options__): Object {
    "adapter": ReactSixteenAdapter {
      "options": Object {
        "enableComponentDidUpdateOnSetState": true,
        "lifecycles": Object {
          "componentDidUpdate": Object {
            "onSetState": true,
          },
          "getDerivedStateFromProps": true,
          "getSnapshotBeforeUpdate": true,
          "setState": Object {
            "skipsComponentDidUpdateOnNullish": true,
          },
        },
      },
    },
  },
}
`;
